Sun Oct 15 13:37:28 CST 2023
mkdir: created directory '../3_result/MDV/NU/MDV_TEST/20211126/045609/DZ'
mkdir: created directory '../3_result/MDV/NU/MDV_TEST'
mkdir: created directory '../3_result/MDV/NU/MDV_TEST/20211126'
mkdir: created directory '../3_result/MDV/NU/MDV_TEST/20211126/045609'
mkdir: created directory '../3_result/MDV/NU/MDV_TEST/20211126/045609/VR'

## You are using the Python ARM Radar Toolkit (Py-ART), an open source
## library for working with weather radar data. Py-ART is partly
## supported by the U.S. Department of Energy as part of the Atmospheric
## Radiation Measurement (ARM) Climate Research Facility, an Office of
## Science user facility.
##
## If you use this software to prepare a publication, please cite:
##
##     JJ Helmus and SM Collis, JORS 2016, doi: 10.5334/jors.119

---> Saved figures as ../3_result/MDV/NU/MDV_TEST/20211126/045609/VR/TEAM-R_VR_00_20211126T045609.png


## You are using the Python ARM Radar Toolkit (Py-ART), an open source
## library for working with weather radar data. Py-ART is partly
## supported by the U.S. Department of Energy as part of the Atmospheric
## Radiation Measurement (ARM) Climate Research Facility, an Office of
## Science user facility.
##
## If you use this software to prepare a publication, please cite:
##
##     JJ Helmus and SM Collis, JORS 2016, doi: 10.5334/jors.119

---> Saved figures as ../3_result/MDV/NU/MDV_TEST/20211126/045609/DZ/TEAM-R_DZ_00_20211126T045609.png

